// Jest Snapshot v1, https://goo.gl/fbAQLP

exports[`should render and match header text 1`] = `
Array [
  .c3 {
  display: -webkit-box;
  display: -webkit-flex;
  display: -ms-flexbox;
  display: flex;
  -webkit-align-items: center;
  -webkit-box-align: center;
  -ms-flex-align: center;
  align-items: center;
}

.c4 {
  font-size: 1.25rem;
  font-weight: bold;
  margin-right: 1rem;
}

.c5 {
  font-size: 0.875rem;
  font-weight: normal;
}

.c6 {
  display: -webkit-box;
  display: -webkit-flex;
  display: -ms-flexbox;
  display: flex;
  margin-right: -1rem;
}

.c7 {
  cursor: pointer;
  -webkit-text-decoration: none;
  text-decoration: none;
  display: -webkit-box;
  display: -webkit-flex;
  display: -ms-flexbox;
  display: flex;
  padding: 0.25rem 1rem;
  font-size: 0.875rem;
  font-weight: 500;
  -webkit-align-items: center;
  -webkit-box-align: center;
  -ms-flex-align: center;
  align-items: center;
}

.c7:hover {
  opacity: 0.8;
}

.c7:active {
  opacity: 0.4;
}

.c7 .icon {
  margin-right: 0.25rem;
}

.c2 {
  width: 960px;
  margin: 0 auto;
  padding: 0 1.5rem;
  box-sizing: content-box;
}

.c0 {
  box-shadow: 0 1px 0 0 #00141b;
  height: 4rem;
  display: -webkit-box;
  display: -webkit-flex;
  display: -ms-flexbox;
  display: flex;
  position: fixed;
  top: 0;
  width: 100%;
  background-color: #00141b;
  z-index: 2;
}

.c0 .c1 {
  display: -webkit-box;
  display: -webkit-flex;
  display: -ms-flexbox;
  display: flex;
  -webkit-align-items: center;
  -webkit-box-align: center;
  -ms-flex-align: center;
  align-items: center;
  -webkit-box-pack: justify;
  -webkit-justify-content: space-between;
  -ms-flex-pack: justify;
  justify-content: space-between;
}

@supports (-webkit-backdrop-filter:blur(10px)) or (backdrop-filter:blur(10px)) {
  .c0 {
    -webkit-backdrop-filter: blur(10px);
    backdrop-filter: blur(10px);
    background-color: #00141b;
  }
}

<header
    className="c0"
  >
    <div
      className="c1 c2"
    >
      <div
        className="c3"
      >
        <div
          className="c4"
        >
          Kinetic Cup
        </div>
        <div
          className="c5"
        >
          Fore!
        </div>
      </div>
      <nav
        className="c6"
      >
        <a
          className="c7"
          href="https://cansahin.gitbook.io/react-boilerplate-cra-template/"
          rel="noopener noreferrer"
          target="_blank"
          title="Documentation Page"
        >
          <svg
            aria-hidden="true"
            className="w-5 h-5 mr-1"
            fill="currentColor"
            viewBox="0 0 24 24"
            xmlns="http://www.w3.org/2000/svg"
          >
            <path
              clipRule="evenodd"
              d="M4.125 3C3.089 3 2.25 3.84 2.25 4.875V18a3 3 0 003 3h15a3 3 0 01-3-3V4.875C17.25 3.839 16.41 3 15.375 3H4.125zM12 9.75a.75.75 0 000 1.5h1.5a.75.75 0 000-1.5H12zm-.75-2.25a.75.75 0 01.75-.75h1.5a.75.75 0 010 1.5H12a.75.75 0 01-.75-.75zM6 12.75a.75.75 0 000 1.5h7.5a.75.75 0 000-1.5H6zm-.75 3.75a.75.75 0 01.75-.75h7.5a.75.75 0 010 1.5H6a.75.75 0 01-.75-.75zM6 6.75a.75.75 0 00-.75.75v3c0 .414.336.75.75.75h3a.75.75 0 00.75-.75v-3A.75.75 0 009 6.75H6z"
              fillRule="evenodd"
            />
            <path
              d="M18.75 6.75h1.875c.621 0 1.125.504 1.125 1.125V18a1.5 1.5 0 01-3 0V6.75z"
            />
          </svg>
          Documentation
        </a>
        <a
          className="c7"
          href="https://github.com/react-boilerplate/react-boilerplate-cra-template"
          rel="noopener noreferrer"
          target="_blank"
          title="Github Page"
        >
          <svg>
            github-icon.svg
          </svg>
          Github
        </a>
        <a
          className="c7"
          href="/leaderboard"
          target=""
          title="Leaderboard"
        >
          <svg
            aria-hidden="true"
            className="w-5 h-5 mr-1"
            fill="currentColor"
            viewBox="0 0 24 24"
            xmlns="http://www.w3.org/2000/svg"
          >
            <path
              d="M18.375 2.25c-1.035 0-1.875.84-1.875 1.875v15.75c0 1.035.84 1.875 1.875 1.875h.75c1.035 0 1.875-.84 1.875-1.875V4.125c0-1.036-.84-1.875-1.875-1.875h-.75zM9.75 8.625c0-1.036.84-1.875 1.875-1.875h.75c1.036 0 1.875.84 1.875 1.875v11.25c0 1.035-.84 1.875-1.875 1.875h-.75a1.875 1.875 0 01-1.875-1.875V8.625zM3 13.125c0-1.036.84-1.875 1.875-1.875h.75c1.036 0 1.875.84 1.875 1.875v6.75c0 1.035-.84 1.875-1.875 1.875h-.75A1.875 1.875 0 013 19.875v-6.75z"
            />
          </svg>
          Leaderboard
        </a>
      </nav>
    </div>
  </header>,
  .c1 {
  width: 960px;
  margin: 0 auto;
  padding: 0 1.5rem;
  box-sizing: content-box;
}

.c2 .c0 {
  display: -webkit-box;
  display: -webkit-flex;
  display: -ms-flexbox;
  display: flex;
  -webkit-align-items: center;
  -webkit-box-align: center;
  -ms-flex-align: center;
  align-items: center;
  -webkit-box-pack: justify;
  -webkit-justify-content: space-between;
  -ms-flex-pack: justify;
  justify-content: space-between;
}

@supports (-webkit-backdrop-filter:blur(10px)) or (backdrop-filter:blur(10px)) {

}

<div
    className="c0 c1"
  >
    <div
      className="container px-4 mx-auto"
    >
      <h1
        className="pb-4 underlin"
        style={
          Object {
            "color": "white",
          }
        }
      >
        Leaderboard
      </h1>
      <div
        className="p-10 my-5 bg-gray-200 border-solid rounded-md shadow-sm border-slate-50"
      >
        <h2
          className="mb-4 text-lg font-bold text-gray-800"
          id="leaderboard-header"
        >
            Individual Qualifying High Scores
        </h2>
        <div
          className="overflow-x-auto"
        >
          <table
            aria-labelledby="leaderboard-header"
            className="table w-full table-zebra"
            role="grid"
          >
            <thead>
              <tr>
                <th
                  className=" !bg-green-900 text-white"
                  scope="col"
                >
                  Rank
                </th>
                <th
                  className="text-left !bg-green-900 text-white"
                  scope="col"
                >
                  Name
                </th>
                <th
                  className=" !bg-green-900 text-white"
                  scope="col"
                >
                  Score
                </th>
                <th
                  className=" !bg-green-900 text-white"
                  scope="col"
                >
                  Date
                </th>
              </tr>
            </thead>
            <tbody>
              <tr>
                <td
                  className="pl-6 !bg-green-700"
                >
                  <button
                    className="p-0 text-white bg-transparent border-none cursor-default"
                  >
                    1
                  </button>
                </td>
                <td
                  className=" !bg-green-700"
                >
                  <button
                    className="p-0 text-white bg-transparent border-none cursor-default"
                  />
                </td>
                <td
                  className=" !bg-green-700"
                >
                  <button
                    className="p-0 text-white bg-transparent border-none cursor-default"
                  >
                    0
                  </button>
                </td>
                <td
                  className=" !bg-green-700"
                >
                  <button
                    className="p-0 text-white bg-transparent border-none cursor-default"
                  />
                </td>
              </tr>
            </tbody>
          </table>
        </div>
        <hr
          className="my-4 border-gray-800 border-solid"
        />
        <h2
          className="mb-4 text-lg font-bold text-gray-800"
        >
          Add Score
        </h2>
        <form
          action="#"
          className="relative flex input-group"
          onSubmit={[Function]}
        >
          <input
            className="input input-bordered w-full max-w-xs false"
            name="name"
            onChange={[Function]}
            placeholder="Name"
            type="text"
            value=""
          />
          <div
            className="absolute bottom-0 w-full"
          />
          <input
            className="input input-bordered w-full max-w-xs max-w-[4rem]"
            name="score"
            onChange={[Function]}
            placeholder={1}
            type="text"
            value={0}
          />
          <button
            className="px-4 text-lg text-white bg-gray-700 lg:text-2xl btn"
            type="submit"
          >
            +
          </button>
        </form>
      </div>
    </div>
  </div>,
]
`;
